// Jest Snapshot v1, https://goo.gl/fbAQLP

exports[`CatalogFilters successfully rendered 1`] = `
<form
  className="catalog-filter"
>
  <h2
    className="title title--bigger catalog-filter__title"
  >
    Фильтр
  </h2>
  <fieldset
    className="catalog-filter__block"
  >
    <legend
      className="catalog-filter__block-title"
    >
      Цена, ₽
    </legend>
    <div
      className="catalog-filter__price-range"
    >
      <div
        className="form-input"
      >
        <label
          className="visually-hidden"
        >
          Минимальная цена
        </label>
        <input
          id="priceMin"
          name="от"
          onChange={[Function]}
          placeholder="-1"
          type="number"
          value=""
        />
      </div>
      <div
        className="form-input"
      >
        <label
          className="visually-hidden"
        >
          Максимальная цена
        </label>
        <input
          id="priceMax"
          name="до"
          onChange={[Function]}
          placeholder="-1"
          type="number"
          value=""
        />
      </div>
    </div>
  </fieldset>
  <fieldset
    className="catalog-filter__block"
  >
    <legend
      className="catalog-filter__block-title"
    >
      Тип гитар
    </legend>
    <div
      className="form-checkbox catalog-filter__block-item"
      key="acoustic"
    >
      <input
        checked={false}
        className="visually-hidden"
        disabled={true}
        id="acoustic"
        name="acoustic"
        onChange={[Function]}
        type="checkbox"
      />
      <label
        htmlFor="acoustic"
      >
        Акустические гитары
      </label>
    </div>
    <div
      className="form-checkbox catalog-filter__block-item"
      key="electric"
    >
      <input
        checked={false}
        className="visually-hidden"
        disabled={true}
        id="electric"
        name="electric"
        onChange={[Function]}
        type="checkbox"
      />
      <label
        htmlFor="electric"
      >
        Электрогитары
      </label>
    </div>
    <div
      className="form-checkbox catalog-filter__block-item"
      key="ukulele"
    >
      <input
        checked={false}
        className="visually-hidden"
        disabled={true}
        id="ukulele"
        name="ukulele"
        onChange={[Function]}
        type="checkbox"
      />
      <label
        htmlFor="ukulele"
      >
        Укулеле
      </label>
    </div>
  </fieldset>
  <fieldset
    className="catalog-filter__block"
  >
    <legend
      className="catalog-filter__block-title"
    >
      Количество струн
    </legend>
    <div
      className="form-checkbox catalog-filter__block-item"
      key="4"
    >
      <input
        checked={false}
        className="visually-hidden"
        disabled={true}
        id="4-strings"
        name="4-strings"
        onChange={[Function]}
        type="checkbox"
      />
      <label
        htmlFor="4-strings"
      >
        4
      </label>
    </div>
    <div
      className="form-checkbox catalog-filter__block-item"
      key="6"
    >
      <input
        checked={false}
        className="visually-hidden"
        disabled={true}
        id="6-strings"
        name="6-strings"
        onChange={[Function]}
        type="checkbox"
      />
      <label
        htmlFor="6-strings"
      >
        6
      </label>
    </div>
    <div
      className="form-checkbox catalog-filter__block-item"
      key="7"
    >
      <input
        checked={false}
        className="visually-hidden"
        disabled={true}
        id="7-strings"
        name="7-strings"
        onChange={[Function]}
        type="checkbox"
      />
      <label
        htmlFor="7-strings"
      >
        7
      </label>
    </div>
    <div
      className="form-checkbox catalog-filter__block-item"
      key="12"
    >
      <input
        checked={false}
        className="visually-hidden"
        disabled={true}
        id="12-strings"
        name="12-strings"
        onChange={[Function]}
        type="checkbox"
      />
      <label
        htmlFor="12-strings"
      >
        12
      </label>
    </div>
  </fieldset>
  <button
    className="catalog-filter__reset-btn button button--black-border button--medium"
    onClick={[Function]}
    type="reset"
  >
    Очистить
  </button>
</form>
`;
