// Jest Snapshot v1, https://goo.gl/fbAQLP

exports[`GuitarCard successfully rendered 1`] = `
<div
  className="product-card"
>
  <img
    alt="Честер Bass"
    height="190"
    src="/img/content/catalog-product-1.jpg"
    srcSet="/img/content/catalog-product-1@2x.jpg 2x"
    width="75"
  />
  <div
    className="product-card__info"
  >
    <div
      className="rate product-card__rate"
    >
      <svg
        aria-hidden="true"
        height="11"
        width="12"
      >
        <use
          xlinkHref="#icon-full-star"
        />
      </svg>
      <svg
        aria-hidden="true"
        height="11"
        width="12"
      >
        <use
          xlinkHref="#icon-full-star"
        />
      </svg>
      <svg
        aria-hidden="true"
        height="11"
        width="12"
      >
        <use
          xlinkHref="#icon-full-star"
        />
      </svg>
      <svg
        aria-hidden="true"
        height="11"
        width="12"
      >
        <use
          xlinkHref="#icon-full-star"
        />
      </svg>
      <svg
        aria-hidden="true"
        height="11"
        width="12"
      >
        <use
          xlinkHref="#icon-star"
        />
      </svg>
      <p
        className="visually-hidden"
      >
        Рейтинг: 
        Хорошо
      </p>
      <p
        className="rate__count"
      >
        <span
          className="visually-hidden"
        >
          Всего оценок:
        </span>
         
        0
      </p>
    </div>
    <p
      className="product-card__title"
    >
      Честер Bass
    </p>
    <p
      className="product-card__price"
    >
      <span
        className="visually-hidden"
      >
        Цена:
      </span>
      17 500
       ₽
    </p>
  </div>
  <div
    className="product-card__buttons"
  >
    <a
      className="button button--mini"
      href="/product/1"
      onClick={[Function]}
    >
      Подробнее
    </a>
    <a
      className="button button--red-border button--mini button--in-cart"
      href="/cart"
      onClick={[Function]}
    >
      В Корзине
    </a>
  </div>
</div>
`;
