// Jest Snapshot v1, https://goo.gl/fbAQLP

exports[`Main successfully rendered 1`] = `
<div
  className="wrapper"
>
  <header
    className="header"
    id="header"
  >
    <div
      className="container header__wrapper"
    >
      <a
        className="header__logo logo"
        href="/"
        onClick={[Function]}
      >
        <img
          alt="Логотип"
          className="logo__img"
          height="70"
          src="/img/svg/logo.svg"
          width="70"
        />
      </a>
      <nav
        className="main-nav"
      >
        <ul
          className="main-nav__list"
        >
          <li>
            <a
              className="link main-nav__link link--current"
              href="/"
              onClick={[Function]}
            >
              Каталог
            </a>
          </li>
          <li>
            <a
              className="link main-nav__link"
              href="#"
            >
              Где купить?
            </a>
          </li>
          <li>
            <a
              className="link main-nav__link"
              href="#"
            >
              О компании
            </a>
          </li>
        </ul>
      </nav>
      <div
        className="form-search"
        style={
          Object {
            "display": "flex",
          }
        }
      >
        <form
          className="form-search__form"
          id="form-search"
        >
          <button
            className="form-search__submit"
            type="submit"
          >
            <svg
              aria-hidden="true"
              className="form-search__icon"
              height="15"
              width="14"
            >
              <use
                xlinkHref="#icon-search"
              />
            </svg>
            <span
              className="visually-hidden"
            >
              Начать поиск
            </span>
          </button>
          <input
            autoComplete="off"
            className="form-search__input"
            data-test="test-search-name"
            id="search"
            onChange={[Function]}
            placeholder="что вы ищите?"
            type="text"
          />
          <label
            className="visually-hidden"
            htmlFor="search"
          >
            Поиск
          </label>
        </form>
        <ul
          className="form-search__select-list hidden"
        >
          <li
            className="form-search__select-item"
            key="1"
            onClick={[Function]}
            onKeyDown={[Function]}
            tabIndex={0}
          >
            Честер Bass
          </li>
          <li
            className="form-search__select-item"
            key="2"
            onClick={[Function]}
            onKeyDown={[Function]}
            tabIndex={0}
          >
            CURT Z300
          </li>
          <li
            className="form-search__select-item"
            key="3"
            onClick={[Function]}
            onKeyDown={[Function]}
            tabIndex={0}
          >
            Roman LX
          </li>
          <li
            className="form-search__select-item"
            key="4"
            onClick={[Function]}
            onKeyDown={[Function]}
            tabIndex={0}
          >
            CURT T300
          </li>
          <li
            className="form-search__select-item"
            key="5"
            onClick={[Function]}
            onKeyDown={[Function]}
            tabIndex={0}
          >
            Dania Super
          </li>
          <li
            className="form-search__select-item"
            key="6"
            onClick={[Function]}
            onKeyDown={[Function]}
            tabIndex={0}
          >
            Честер WX
          </li>
          <li
            className="form-search__select-item"
            key="7"
            onClick={[Function]}
            onKeyDown={[Function]}
            tabIndex={0}
          >
            Dania VX
          </li>
        </ul>
        <button
          className="form-search__reset"
          form="form-search"
          onClick={[Function]}
          type="reset"
        >
          <svg
            aria-hidden="true"
            className="form-search__icon"
            height="15"
            width="14"
          >
            <use
              xlinkHref="#icon-close"
            />
          </svg>
          <span
            className="visually-hidden"
          >
            Сбросить поиск
          </span>
        </button>
      </div>
      <a
        aria-label="Корзина"
        className="header__cart-link"
        href="#"
      >
        <svg
          aria-hidden="true"
          className="header__cart-icon"
          height="14"
          width="14"
        >
          <use
            xlinkHref="#icon-basket"
          />
        </svg>
        <span
          className="visually-hidden"
        >
          Перейти в корзину
        </span>
        <span
          className="header__cart-count"
        >
          2
        </span>
      </a>
    </div>
  </header>
  <main
    className="page-content"
  >
    <div
      className="container"
    >
      <h1
        className="page-content__title title title--bigger"
      >
        Каталог гитар
      </h1>
      <ul
        className="breadcrumbs page-content__breadcrumbs"
      >
        <li
          className="breadcrumbs__item"
        >
          <a
            className="link"
            href="/"
            onClick={[Function]}
          >
            Главная
          </a>
        </li>
        <li
          className="breadcrumbs__item"
        >
          <span>
            Каталог
          </span>
        </li>
      </ul>
      <div
        className="catalog"
      >
        <form
          className="catalog-filter"
        >
          <h2
            className="title title--bigger catalog-filter__title"
          >
            Фильтр
          </h2>
          <fieldset
            className="catalog-filter__block"
          >
            <legend
              className="catalog-filter__block-title"
            >
              Цена, ₽
            </legend>
            <div
              className="catalog-filter__price-range"
            >
              <div
                className="form-input"
              >
                <label
                  className="visually-hidden"
                >
                  Минимальная цена
                </label>
                <input
                  id="priceMin"
                  name="от"
                  onBlur={[Function]}
                  onChange={[Function]}
                  placeholder="2 200"
                  type="number"
                  value=""
                />
              </div>
              <div
                className="form-input"
              >
                <label
                  className="visually-hidden"
                >
                  Максимальная цена
                </label>
                <input
                  id="priceMax"
                  name="до"
                  onBlur={[Function]}
                  onChange={[Function]}
                  placeholder="30 000"
                  type="number"
                  value=""
                />
              </div>
            </div>
          </fieldset>
          <fieldset
            className="catalog-filter__block"
          >
            <legend
              className="catalog-filter__block-title"
            >
              Тип гитар
            </legend>
            <div
              className="form-checkbox catalog-filter__block-item"
              key="acoustic"
            >
              <input
                checked={false}
                className="visually-hidden"
                disabled={false}
                id="acoustic"
                name="acoustic"
                onChange={[Function]}
                type="checkbox"
              />
              <label
                htmlFor="acoustic"
              >
                Акустические гитары
              </label>
            </div>
            <div
              className="form-checkbox catalog-filter__block-item"
              key="electric"
            >
              <input
                checked={false}
                className="visually-hidden"
                disabled={false}
                id="electric"
                name="electric"
                onChange={[Function]}
                type="checkbox"
              />
              <label
                htmlFor="electric"
              >
                Электрогитары
              </label>
            </div>
            <div
              className="form-checkbox catalog-filter__block-item"
              key="ukulele"
            >
              <input
                checked={false}
                className="visually-hidden"
                disabled={false}
                id="ukulele"
                name="ukulele"
                onChange={[Function]}
                type="checkbox"
              />
              <label
                htmlFor="ukulele"
              >
                Укулеле
              </label>
            </div>
          </fieldset>
          <fieldset
            className="catalog-filter__block"
          >
            <legend
              className="catalog-filter__block-title"
            >
              Количество струн
            </legend>
            <div
              className="form-checkbox catalog-filter__block-item"
              key="4"
            >
              <input
                checked={false}
                className="visually-hidden"
                disabled={true}
                id="4-strings"
                name="4-strings"
                onChange={[Function]}
                type="checkbox"
              />
              <label
                htmlFor="4-strings"
              >
                4
              </label>
            </div>
            <div
              className="form-checkbox catalog-filter__block-item"
              key="6"
            >
              <input
                checked={false}
                className="visually-hidden"
                disabled={true}
                id="6-strings"
                name="6-strings"
                onChange={[Function]}
                type="checkbox"
              />
              <label
                htmlFor="6-strings"
              >
                6
              </label>
            </div>
            <div
              className="form-checkbox catalog-filter__block-item"
              key="7"
            >
              <input
                checked={false}
                className="visually-hidden"
                disabled={true}
                id="7-strings"
                name="7-strings"
                onChange={[Function]}
                type="checkbox"
              />
              <label
                htmlFor="7-strings"
              >
                7
              </label>
            </div>
            <div
              className="form-checkbox catalog-filter__block-item"
              key="12"
            >
              <input
                checked={false}
                className="visually-hidden"
                disabled={true}
                id="12-strings"
                name="12-strings"
                onChange={[Function]}
                type="checkbox"
              />
              <label
                htmlFor="12-strings"
              >
                12
              </label>
            </div>
          </fieldset>
          <button
            className="catalog-filter__reset-btn button button--black-border button--medium"
            onClick={[Function]}
            type="reset"
          >
            Очистить
          </button>
        </form>
        <div
          className="catalog-sort"
        >
          <h2
            className="catalog-sort__title"
          >
            Сортировать:
          </h2>
          <div
            className="catalog-sort__type"
          >
            <button
              aria-label="по цене"
              className="catalog-sort__type-button catalog-sort__type-button--active"
              onClick={[Function]}
            >
              по цене
            </button>
            <button
              aria-label="по популярности"
              className="catalog-sort__type-button "
              onClick={[Function]}
            >
              по популярности
            </button>
          </div>
          <div
            className="catalog-sort__order"
          >
            <button
              aria-label="По возрастанию"
              className="catalog-sort__order-button catalog-sort__order-button--up  "
              onClick={[Function]}
            />
            <button
              aria-label="По убыванию"
              className="catalog-sort__order-button  catalog-sort__order-button--down"
              onClick={[Function]}
            />
          </div>
        </div>
        <div
          className="cards catalog__cards"
        >
          <div
            style={
              Object {
                "gridColumn": 3,
                "justifySelf": "center",
              }
            }
          >
            <div
              data-testid="tail-spin-loading"
              style={
                Object {
                  "display": "flex",
                }
              }
            >
              <svg
                aria-label="tail-spin-loading"
                data-testid="tail-spin-svg"
                height={80}
                viewBox="0 0 38 38"
                width={80}
                xmlns="http://www.w3.org/2000/svg"
              >
                <defs>
                  <linearGradient
                    id="a"
                    x1="8.042%"
                    x2="65.682%"
                    y1="0%"
                    y2="23.865%"
                  >
                    <stop
                      offset="0%"
                      stopColor="#000000"
                      stopOpacity="0"
                    />
                    <stop
                      offset="63.146%"
                      stopColor="#000000"
                      stopOpacity=".631"
                    />
                    <stop
                      offset="100%"
                      stopColor="#000000"
                    />
                  </linearGradient>
                </defs>
                <g
                  fill="none"
                  fillRule="evenodd"
                >
                  <g
                    transform="translate(1 1)"
                  >
                    <path
                      d="M36 18c0-9.94-8.06-18-18-18"
                      id="Oval-2"
                      stroke="#000000"
                      strokeWidth="2"
                    >
                      <animateTransform
                        attributeName="transform"
                        dur="0.9s"
                        from="0 18 18"
                        repeatCount="indefinite"
                        to="360 18 18"
                        type="rotate"
                      />
                    </path>
                    <circle
                      cx="36"
                      cy="18"
                      fill="#fff"
                      r={1}
                    >
                      <animateTransform
                        attributeName="transform"
                        dur="0.9s"
                        from="0 18 18"
                        repeatCount="indefinite"
                        to="360 18 18"
                        type="rotate"
                      />
                    </circle>
                  </g>
                </g>
              </svg>
            </div>
          </div>
        </div>
        <div
          className="pagination page-content__pagination"
        >
          <ul
            className="pagination__list"
          >
            <li
              className="pagination__page pagination__page--active"
              key="1"
            >
              <a
                className="link pagination__page-link"
                href="/?page=1"
                onClick={[Function]}
              >
                1
              </a>
            </li>
          </ul>
        </div>
      </div>
    </div>
  </main>
  <footer
    className="footer"
  >
    <div
      className="footer__container container"
    >
      <a
        className="footer__logo logo"
        href="/"
      >
        <img
          alt="Логотип"
          className="logo__img"
          height="70"
          src="/img/svg/logo.svg"
          width="70"
        />
      </a>
      <div
        className="socials footer__socials"
      >
        <ul
          className="socials__list"
        >
          <li
            className="socials-item"
          >
            <a
              aria-label="skype"
              className="socials__link"
              href="https://www.skype.com/"
            >
              <svg
                aria-hidden="true"
                className="socials__icon"
                height="24"
                width="24"
              >
                <use
                  xlinkHref="#icon-skype"
                />
              </svg>
            </a>
          </li>
          <li
            className="socials-item"
          >
            <a
              aria-label="vsco"
              className="socials__link"
              href="https://www.vsco.com/"
            >
              <svg
                aria-hidden="true"
                className="socials__icon"
                height="24"
                width="24"
              >
                <use
                  xlinkHref="#icon-vsco"
                />
              </svg>
            </a>
          </li>
          <li
            className="socials-item"
          >
            <a
              aria-label="pinterest"
              className="socials__link"
              href="https://www.pinterest.com/"
            >
              <svg
                aria-hidden="true"
                className="socials__icon"
                height="24"
                width="24"
              >
                <use
                  xlinkHref="#icon-pinterest"
                />
              </svg>
            </a>
          </li>
        </ul>
      </div>
      <section
        className="footer__nav-section footer__nav-section--info"
      >
        <h2
          className="footer__nav-title"
        >
          О нас
        </h2>
        <p
          className="footer__nav-content footer__nav-content--font-secondary"
        >
          Магазин гитар, музыкальных инструментов и гитарная мастерская 
          <br />
           в Санкт-Петербурге.
          <br />
          <br />
          Все инструменты проверены, отстроены 
          <br />
           и доведены до идеала!
        </p>
      </section>
      <section
        className="footer__nav-section footer__nav-section--links"
      >
        <h2
          className="footer__nav-title"
        >
          Информация
        </h2>
        <ul
          className="footer__nav-list"
        >
          <li
            className="footer__nav-list-item"
          >
            <a
              className="link"
              href="#top"
            >
              Где купить?
            </a>
          </li>
          <li
            className="footer__nav-list-item"
          >
            <a
              className="link"
              href="#top"
            >
              Блог
            </a>
          </li>
          <li
            className="footer__nav-list-item"
          >
            <a
              className="link"
              href="#top"
            >
              Вопрос - ответ
            </a>
          </li>
          <li
            className="footer__nav-list-item"
          >
            <a
              className="link"
              href="#top"
            >
              Возврат
            </a>
          </li>
          <li
            className="footer__nav-list-item"
          >
            <a
              className="link"
              href="#top"
            >
              Сервис-центры
            </a>
          </li>
        </ul>
      </section>
      <section
        className="footer__nav-section footer__nav-section--contacts"
      >
        <h2
          className="footer__nav-title"
        >
          Контакты
        </h2>
        <p
          className="footer__nav-content"
        >
          г. Санкт-Петербург,
          <br />
           м. Невский проспект, 
          <br />
          ул. Казанская 6.
        </p>
        <div
          className="footer__nav-content"
        >
          <svg
            aria-hidden="true"
            className="footer__icon"
            height="8"
            width="8"
          >
            <use
              xlinkHref="#icon-phone"
            />
          </svg>
          <a
            className="link"
            href="tel:88125005050"
          >
             8-812-500-50-50
          </a>
        </div>
        <p
          className="footer__nav-content"
        >
          Режим работы:
          <br />
          <span
            className="footer__span"
          >
            <svg
              aria-hidden="true"
              className="footer__icon"
              height="13"
              width="13"
            >
              <use
                xlinkHref="#icon-clock"
              />
            </svg>
            <span>
               с 11:00 до 20:00
            </span>
            <span>
              без выходных
            </span>
          </span>
        </p>
      </section>
    </div>
  </footer>
</div>
`;
