// Jest Snapshot v1, https://goo.gl/fbAQLP

exports[`AddCommentModal successfully rendered 1`] = `
<div
  className="modal is-active modal--review modal-for-ui-kit"
>
  <div
    className="modal__wrapper"
  >
    <div
      className="modal__overlay"
      data-close-modal={true}
      data-test="test-close-modal"
      onClick={[MockFunction]}
    />
    <div
      className="modal__content"
    >
      <h2
        className="modal__header modal__header--review title title--medium"
      >
        Оставить отзыв
      </h2>
      <h3
        className="modal__product-name title title--medium-20 title--uppercase"
      >
        Честер Bass
      </h3>
      <form
        className="form-review"
        data-test="test-submit"
        onSubmit={[Function]}
      >
        <div
          className="form-review__wrapper"
        >
          <div
            className="form-review__name-wrapper"
          >
            <label
              className="form-review__label form-review__label--required"
              htmlFor="user-name"
            >
              Ваше Имя
            </label>
            <input
              autoComplete="off"
              autoFocus={true}
              className="form-review__input form-review__input--name"
              data-test="test-user-name"
              id="user-name"
              onChange={[Function]}
              type="text"
              value="Some name"
            />
          </div>
          <div>
            <span
              className="form-review__label form-review__label--required"
            >
              Ваша Оценка
            </span>
            <div
              className="rate rate--reverse"
            >
              <input
                checked={false}
                className="visually-hidden"
                data-test="test-rating"
                id="star-5"
                name="rate"
                onChange={[Function]}
                onKeyDown={[Function]}
                type="radio"
                value={5}
              />
              <label
                className="rate__label"
                htmlFor="star-5"
                title="Отлично"
              />
              <input
                checked={false}
                className="visually-hidden"
                data-test="test-rating"
                id="star-4"
                name="rate"
                onChange={[Function]}
                onKeyDown={[Function]}
                type="radio"
                value={4}
              />
              <label
                className="rate__label"
                htmlFor="star-4"
                title="Хорошо"
              />
              <input
                checked={true}
                className="visually-hidden"
                data-test="test-rating"
                id="star-3"
                name="rate"
                onChange={[Function]}
                onKeyDown={[Function]}
                type="radio"
                value={3}
              />
              <label
                className="rate__label"
                htmlFor="star-3"
                title="Нормально"
              />
              <input
                checked={false}
                className="visually-hidden"
                data-test="test-rating"
                id="star-2"
                name="rate"
                onChange={[Function]}
                onKeyDown={[Function]}
                type="radio"
                value={2}
              />
              <label
                className="rate__label"
                htmlFor="star-2"
                title="Плохо"
              />
              <input
                checked={false}
                className="visually-hidden"
                data-test="test-rating"
                id="star-1"
                name="rate"
                onChange={[Function]}
                onKeyDown={[Function]}
                type="radio"
                value={1}
              />
              <label
                className="rate__label"
                htmlFor="star-1"
                title="Ужасно"
              />
            </div>
          </div>
        </div>
        <label
          className="form-review__label form-review__label--required"
          htmlFor="adv"
        >
          Достоинства
        </label>
        <input
          autoComplete="off"
          className="form-review__input"
          data-test="test-advantage"
          id="adv"
          onChange={[Function]}
          type="text"
          value="Mock Advantage"
        />
        <label
          className="form-review__label form-review__label--required"
          htmlFor="disadv"
        >
          Недостатки
        </label>
        <input
          autoComplete="off"
          className="form-review__input"
          data-test="test-disadvantage"
          id="disadv"
          onChange={[Function]}
          type="text"
          value="Mock Disadvantage"
        />
        <label
          className="form-review__label form-review__label--required"
          htmlFor="comment"
        >
          Комментарий
        </label>
        <textarea
          autoComplete="off"
          className="form-review__input form-review__input--textarea"
          data-test="test-comment"
          id="comment"
          onChange={[Function]}
          rows={10}
          value="Mock Comment"
        />
        <button
          className="button button--medium-20 form-review__button"
          type="submit"
        >
          Отправить отзыв
        </button>
      </form>
      <button
        aria-label="Закрыть"
        className="modal__close-btn button-cross"
        data-test="test-close-modal"
        onClick={[MockFunction]}
        type="button"
      >
        <span
          className="button-cross__icon"
        />
        <span
          className="modal__close-btn-interactive-area"
        />
      </button>
    </div>
  </div>
</div>
`;
