// Jest Snapshot v1, https://goo.gl/fbAQLP

exports[`Cart successfully rendered 1`] = `
<div
  className="wrapper"
>
  <header
    className="header"
    id="header"
  >
    <div
      className="container header__wrapper"
    >
      <a
        className="header__logo logo"
        href="/"
        onClick={[Function]}
      >
        <img
          alt="Логотип"
          className="logo__img"
          height="70"
          src="/img/svg/logo.svg"
          width="70"
        />
      </a>
      <nav
        className="main-nav"
      >
        <ul
          className="main-nav__list"
        >
          <li>
            <a
              className="link main-nav__link "
              href="/"
              onClick={[Function]}
            >
              Каталог
            </a>
          </li>
          <li>
            <a
              className="link main-nav__link"
              href="#"
            >
              Где купить?
            </a>
          </li>
          <li>
            <a
              className="link main-nav__link"
              href="#"
            >
              О компании
            </a>
          </li>
        </ul>
      </nav>
      <div
        className="form-search"
        style={
          Object {
            "display": "flex",
          }
        }
      >
        <form
          className="form-search__form"
          id="form-search"
        >
          <button
            className="form-search__submit"
            type="submit"
          >
            <svg
              aria-hidden="true"
              className="form-search__icon"
              height="15"
              width="14"
            >
              <use
                xlinkHref="#icon-search"
              />
            </svg>
            <span
              className="visually-hidden"
            >
              Начать поиск
            </span>
          </button>
          <input
            autoComplete="off"
            className="form-search__input"
            data-test="test-search-name"
            id="search"
            onChange={[Function]}
            placeholder="что вы ищите?"
            type="text"
          />
          <label
            className="visually-hidden"
            htmlFor="search"
          >
            Поиск
          </label>
        </form>
        <ul
          className="form-search__select-list hidden"
        >
          <li
            className="form-search__select-item"
            key="1"
            onClick={[Function]}
            onKeyDown={[Function]}
            tabIndex={0}
          >
            Честер Bass
          </li>
          <li
            className="form-search__select-item"
            key="2"
            onClick={[Function]}
            onKeyDown={[Function]}
            tabIndex={0}
          >
            CURT Z300
          </li>
          <li
            className="form-search__select-item"
            key="3"
            onClick={[Function]}
            onKeyDown={[Function]}
            tabIndex={0}
          >
            Roman LX
          </li>
          <li
            className="form-search__select-item"
            key="4"
            onClick={[Function]}
            onKeyDown={[Function]}
            tabIndex={0}
          >
            CURT T300
          </li>
          <li
            className="form-search__select-item"
            key="5"
            onClick={[Function]}
            onKeyDown={[Function]}
            tabIndex={0}
          >
            Dania Super
          </li>
          <li
            className="form-search__select-item"
            key="6"
            onClick={[Function]}
            onKeyDown={[Function]}
            tabIndex={0}
          >
            Честер WX
          </li>
          <li
            className="form-search__select-item"
            key="7"
            onClick={[Function]}
            onKeyDown={[Function]}
            tabIndex={0}
          >
            Dania VX
          </li>
        </ul>
        <button
          className="form-search__reset"
          form="form-search"
          onClick={[Function]}
          type="reset"
        >
          <svg
            aria-hidden="true"
            className="form-search__icon"
            height="15"
            width="14"
          >
            <use
              xlinkHref="#icon-close"
            />
          </svg>
          <span
            className="visually-hidden"
          >
            Сбросить поиск
          </span>
        </button>
      </div>
      <a
        aria-label="Корзина"
        className="header__cart-link"
        href="/cart"
        onClick={[Function]}
      >
        <svg
          aria-hidden="true"
          className="header__cart-icon"
          height="14"
          width="14"
        >
          <use
            xlinkHref="#icon-basket"
          />
        </svg>
        <span
          className="visually-hidden"
        >
          Перейти в корзину
        </span>
        <span
          className="header__cart-count"
        >
          5
        </span>
      </a>
    </div>
  </header>
  <main
    className="page-content"
  >
    <div
      className="container"
    >
      <h1
        className="title title--bigger page-content__title"
      >
        Корзина
      </h1>
      <ul
        className="breadcrumbs page-content__breadcrumbs page-content__breadcrumbs--on-cart-page"
      >
        <li
          className="breadcrumbs__item"
        >
          <a
            className="link"
            href="/"
            onClick={[Function]}
          >
            Главная
          </a>
        </li>
        <li
          className="breadcrumbs__item"
        >
          <a
            className="link"
            href="/"
            onClick={[Function]}
          >
            Каталог
          </a>
        </li>
        <li
          className="breadcrumbs__item"
        >
          <span
            className="link"
          >
            Корзина
          </span>
        </li>
      </ul>
      <div
        className="cart"
      >
        <div
          className="cart-item"
          key="1"
        >
          <button
            aria-label="Удалить"
            className="cart-item__close-button button-cross"
            onClick={[Function]}
            type="button"
          >
            <span
              className="button-cross__icon"
            />
            <span
              className="cart-item__close-button-interactive-area"
            />
          </button>
          <div
            className="cart-item__image"
          >
            <img
              alt="ЭлектроГитара Честер bass"
              height="130"
              src="/img/content/catalog-product-1.jpg"
              srcSet="/img/content/catalog-product-1@2x.jpg 2x"
              width="55"
            />
          </div>
          <div
            className="product-info cart-item__info"
          >
            <p
              className="product-info__title"
            >
              Честер Bass
            </p>
            <p
              className="product-info__info"
            >
              Артикул: 
              SO757575
            </p>
            <p
              className="product-info__info"
            >
              Электрогитара
              , 
              7
               струнная
            </p>
          </div>
          <div
            className="cart-item__price"
          >
            17 500
             ₽
          </div>
          <div
            className="quantity cart-item__quantity"
          >
            <button
              aria-label="Уменьшить количество"
              className="quantity__button"
              data-test="test-decrease-one"
              onClick={[Function]}
            >
              <svg
                aria-hidden="true"
                height="8"
                width="8"
              >
                <use
                  xlinkHref="#icon-minus"
                />
              </svg>
            </button>
            <input
              className="quantity__input"
              data-test="test-custom-count"
              id="2-count"
              max="99"
              name="2-count"
              onBlur={[Function]}
              onChange={[Function]}
              placeholder="3"
              type="number"
              value={3}
            />
            <button
              aria-label="Увеличить количество"
              className="quantity__button"
              data-test="test-add-one"
              onClick={[Function]}
            >
              <svg
                aria-hidden="true"
                height="8"
                width="8"
              >
                <use
                  xlinkHref="#icon-plus"
                />
              </svg>
            </button>
          </div>
          <div
            className="cart-item__price-total"
          >
            52 500
             ₽
          </div>
        </div>
        <div
          className="cart-item"
          key="2"
        >
          <button
            aria-label="Удалить"
            className="cart-item__close-button button-cross"
            onClick={[Function]}
            type="button"
          >
            <span
              className="button-cross__icon"
            />
            <span
              className="cart-item__close-button-interactive-area"
            />
          </button>
          <div
            className="cart-item__image"
          >
            <img
              alt="ЭлектроГитара Честер bass"
              height="130"
              src="/img/content/catalog-product-8.jpg"
              srcSet="/img/content/catalog-product-8@2x.jpg 2x"
              width="55"
            />
          </div>
          <div
            className="product-info cart-item__info"
          >
            <p
              className="product-info__title"
            >
              CURT Z300
            </p>
            <p
              className="product-info__info"
            >
              Артикул: 
              TK129049
            </p>
            <p
              className="product-info__info"
            >
              Электрогитара
              , 
              7
               струнная
            </p>
          </div>
          <div
            className="cart-item__price"
          >
            29 500
             ₽
          </div>
          <div
            className="quantity cart-item__quantity"
          >
            <button
              aria-label="Уменьшить количество"
              className="quantity__button"
              data-test="test-decrease-one"
              onClick={[Function]}
            >
              <svg
                aria-hidden="true"
                height="8"
                width="8"
              >
                <use
                  xlinkHref="#icon-minus"
                />
              </svg>
            </button>
            <input
              className="quantity__input"
              data-test="test-custom-count"
              id="2-count"
              max="99"
              name="2-count"
              onBlur={[Function]}
              onChange={[Function]}
              placeholder="2"
              type="number"
              value={2}
            />
            <button
              aria-label="Увеличить количество"
              className="quantity__button"
              data-test="test-add-one"
              onClick={[Function]}
            >
              <svg
                aria-hidden="true"
                height="8"
                width="8"
              >
                <use
                  xlinkHref="#icon-plus"
                />
              </svg>
            </button>
          </div>
          <div
            className="cart-item__price-total"
          >
            59 000
             ₽
          </div>
        </div>
        <div
          className="cart__footer"
        >
          <div
            className="cart__coupon coupon"
          >
            <h2
              className="title title--little coupon__title"
            >
              Промокод на скидку
            </h2>
            <p
              className="coupon__info"
            >
              Введите свой промокод, если он у вас есть.
            </p>
            <form
              action="/"
              className="coupon__form"
              data-test="test-promo-submit"
              id="coupon-form"
              method="post"
              onSubmit={[Function]}
            >
              <div
                className="form-input coupon__input"
              >
                <label
                  className="visually-hidden"
                >
                  Промокод
                </label>
                <input
                  data-test="test-change-promo"
                  id="coupon"
                  name="coupon"
                  onChange={[Function]}
                  placeholder="Введите промокод"
                  type="text"
                />
                <p
                  className="form-input__message form-input__message--success"
                >
                  Промокод принят
                </p>
              </div>
              <button
                className="button button--big coupon__button"
              >
                Применить
              </button>
            </form>
          </div>
          <div
            className="cart__total-info"
          >
            <p
              className="cart__total-item"
            >
              <span
                className="cart__total-value-name"
              >
                Всего:
              </span>
              <span
                className="cart__total-value"
              >
                2 000
                 ₽
              </span>
            </p>
            <p
              className="cart__total-item"
            >
              <span
                className="cart__total-value-name"
              >
                Скидка:
              </span>
              <span
                className="cart__total-value cart__total-value--bonus"
              >
                - 15
                 ₽
              </span>
            </p>
            <p
              className="cart__total-item"
            >
              <span
                className="cart__total-value-name"
              >
                К оплате:
              </span>
              <span
                className="cart__total-value cart__total-value--payment"
              >
                1 985
                 ₽
              </span>
            </p>
            <button
              className="button button--red button--big cart__order-button"
            >
              Оформить заказ
            </button>
          </div>
        </div>
      </div>
    </div>
  </main>
  <footer
    className="footer"
  >
    <div
      className="footer__container container"
    >
      <a
        className="footer__logo logo"
        href="/"
      >
        <img
          alt="Логотип"
          className="logo__img"
          height="70"
          src="/img/svg/logo.svg"
          width="70"
        />
      </a>
      <div
        className="socials footer__socials"
      >
        <ul
          className="socials__list"
        >
          <li
            className="socials-item"
          >
            <a
              aria-label="skype"
              className="socials__link"
              href="https://www.skype.com/"
            >
              <svg
                aria-hidden="true"
                className="socials__icon"
                height="24"
                width="24"
              >
                <use
                  xlinkHref="#icon-skype"
                />
              </svg>
            </a>
          </li>
          <li
            className="socials-item"
          >
            <a
              aria-label="vsco"
              className="socials__link"
              href="https://www.vsco.com/"
            >
              <svg
                aria-hidden="true"
                className="socials__icon"
                height="24"
                width="24"
              >
                <use
                  xlinkHref="#icon-vsco"
                />
              </svg>
            </a>
          </li>
          <li
            className="socials-item"
          >
            <a
              aria-label="pinterest"
              className="socials__link"
              href="https://www.pinterest.com/"
            >
              <svg
                aria-hidden="true"
                className="socials__icon"
                height="24"
                width="24"
              >
                <use
                  xlinkHref="#icon-pinterest"
                />
              </svg>
            </a>
          </li>
        </ul>
      </div>
      <section
        className="footer__nav-section footer__nav-section--info"
      >
        <h2
          className="footer__nav-title"
        >
          О нас
        </h2>
        <p
          className="footer__nav-content footer__nav-content--font-secondary"
        >
          Магазин гитар, музыкальных инструментов и гитарная мастерская 
          <br />
           в Санкт-Петербурге.
          <br />
          <br />
          Все инструменты проверены, отстроены 
          <br />
           и доведены до идеала!
        </p>
      </section>
      <section
        className="footer__nav-section footer__nav-section--links"
      >
        <h2
          className="footer__nav-title"
        >
          Информация
        </h2>
        <ul
          className="footer__nav-list"
        >
          <li
            className="footer__nav-list-item"
          >
            <a
              className="link"
              href="#top"
            >
              Где купить?
            </a>
          </li>
          <li
            className="footer__nav-list-item"
          >
            <a
              className="link"
              href="#top"
            >
              Блог
            </a>
          </li>
          <li
            className="footer__nav-list-item"
          >
            <a
              className="link"
              href="#top"
            >
              Вопрос - ответ
            </a>
          </li>
          <li
            className="footer__nav-list-item"
          >
            <a
              className="link"
              href="#top"
            >
              Возврат
            </a>
          </li>
          <li
            className="footer__nav-list-item"
          >
            <a
              className="link"
              href="#top"
            >
              Сервис-центры
            </a>
          </li>
        </ul>
      </section>
      <section
        className="footer__nav-section footer__nav-section--contacts"
      >
        <h2
          className="footer__nav-title"
        >
          Контакты
        </h2>
        <p
          className="footer__nav-content"
        >
          г. Санкт-Петербург,
          <br />
           м. Невский проспект, 
          <br />
          ул. Казанская 6.
        </p>
        <div
          className="footer__nav-content"
        >
          <svg
            aria-hidden="true"
            className="footer__icon"
            height="8"
            width="8"
          >
            <use
              xlinkHref="#icon-phone"
            />
          </svg>
          <a
            className="link"
            href="tel:88125005050"
          >
             8-812-500-50-50
          </a>
        </div>
        <p
          className="footer__nav-content"
        >
          Режим работы:
          <br />
          <span
            className="footer__span"
          >
            <svg
              aria-hidden="true"
              className="footer__icon"
              height="13"
              width="13"
            >
              <use
                xlinkHref="#icon-clock"
              />
            </svg>
            <span>
               с 11:00 до 20:00
            </span>
            <span>
              без выходных
            </span>
          </span>
        </p>
      </section>
    </div>
  </footer>
</div>
`;
