// Jest Snapshot v1, https://goo.gl/fbAQLP

exports[`AddToCartModalSuccess successfully rendered 1`] = `
<div
  className="modal is-active modal-for-ui-kit"
>
  <div
    className="modal__wrapper"
  >
    <div
      className="modal__overlay"
      data-close-modal={true}
      data-test="test-close-modal"
      onClick={[MockFunction]}
    />
    <div
      className="modal__content"
    >
      <h2
        className="modal__header title title--medium title--red"
      >
        Удалить этот товар?
      </h2>
      <div
        className="modal__info"
      >
        <img
          alt="Честер Bass"
          className="modal__img"
          height="137"
          src="/img/content/catalog-product-1.jpg"
          srcSet="/img/content/catalog-product-1@2x.jpg 2x"
          width="67"
        />
        <div
          className="modal__info-wrapper"
        >
          <h3
            className="modal__product-name title title--little title--uppercase"
          >
            Честер Bass
          </h3>
          <p
            className="modal__product-params modal__product-params--margin-11"
          >
            Артикул: 
            SO757575
          </p>
          <p
            className="modal__product-params"
          >
            Электрогитара
            , 
            7
             струнная
          </p>
          <p
            className="modal__price-wrapper"
          >
            <span
              className="modal__price"
            >
              Цена:
            </span>
            <span
              className="modal__price"
            >
              17 500
               ₽
            </span>
          </p>
        </div>
      </div>
      <div
        className="modal__button-container"
      >
        <button
          className="button button--small modal__button"
          data-test="test-delete-from-cart"
          onClick={[Function]}
        >
          Удалить товар
        </button>
        <button
          className="button button--black-border button--small modal__button modal__button--right"
          data-test="test-close-modal"
          onClick={[MockFunction]}
        >
          Продолжить покупки
        </button>
      </div>
      <button
        aria-label="Закрыть"
        className="modal__close-btn button-cross"
        data-test="test-close-modal"
        onClick={[MockFunction]}
        type="button"
      >
        <span
          className="button-cross__icon"
        />
        <span
          className="modal__close-btn-interactive-area"
        />
      </button>
    </div>
  </div>
</div>
`;
